// Jest Snapshot v1, https://goo.gl/fbAQLP

exports[`<Main /> should render the heading 1`] = `
<main
  class="sc-bdvvtL iRJIsV"
>
  <div
    data-testid="Menu"
  />
  <h2
    class="sc-gsDKAQ iBRKkA"
  >
    Initial Value
  </h2>
</main>
`;
